---
source: crates/ruff_linter/src/rules/flake8_todos/mod.rs
---
TD003.py:13:3: TD003 Missing issue link for this TODO
   |
12 | # TDO003 - errors
13 | # TODO: this comment has no
   |   ^^^^ TD003
14 | # link after it
   |

TD003.py:16:3: TD003 Missing issue link for this TODO
   |
14 | # link after it
15 | 
16 | # TODO: here's a TODO with no link after it
   |   ^^^^ TD003
17 | def foo(x):
18 |     return x
   |

TD003.py:29:3: TD003 Missing issue link for this TODO
   |
27 | # TDO-3870
28 | 
29 | # TODO: here's a TODO without an issue link
   |   ^^^^ TD003
30 | # TODO: followed by a new TODO with an issue link
31 | # TDO-3870
   |

TD003.py:33:9: TD003 Missing issue link for this TODO
   |
31 | # TDO-3870
32 | 
33 | # foo # TODO: no link!
   |         ^^^^ TD003
34 | 
35 | # TODO: here's a TODO on the last line with no link
   |

TD003.py:35:3: TD003 Missing issue link for this TODO
   |
33 | # foo # TODO: no link!
34 | 
35 | # TODO: here's a TODO on the last line with no link
   |   ^^^^ TD003
   |


